I'm sorry, but errors were detected in your script. Please correct the
errors listed below, and try again.


File "game/gui.rpy", line 13: expected statement.
    ++
      ^

Ren'Py Version: Ren'Py 8.3.2.24090902
Wed Oct 30 11:15:08 2024
